2026-07-30 17:57:53,249 | INFO | ======================================================================
2026-07-30 17:57:53,250 | INFO | LR TUNING START | strategy=none | 2026-07-30T17:57:53
2026-07-30 17:57:53,320 | INFO | python=3.13.2 sklearn+imblearn on Windows-11-10.0.26200-SP0
2026-07-30 17:57:53,321 | INFO | subsample=50000 cv=5 n_jobs=1 solver=lbfgs grid={'clf__C': [0.01, 0.1, 1.0, 10.0]} max_iter=200 tol=0.001
2026-07-30 17:57:57,353 | INFO | Loading data\merged_clean.pkl ...
2026-07-30 17:57:59,900 | INFO | Pickle shape: 79 columns, 2520798 rows
2026-07-30 17:58:05,690 | INFO | Label cleaning: dropped 47 rows (['Heartbleed', 'Infiltration']); merged 2143 web-attack rows -> 'Web Attack'
2026-07-30 17:58:05,695 | INFO | Classes after cleaning: 11 (expected 11)
2026-07-30 17:58:05,698 | INFO | FEATURE SET = all68 (68 features)
2026-07-30 17:58:24,061 | INFO | X ready: (2520751, 68)  dtype=float32  | y classes=11
2026-07-30 17:58:32,924 | INFO | Stratified subsample -> 50000 rows
2026-07-30 17:58:32,977 | INFO | Subsample class distribution:
Label
BENIGN              41556
Bot                    39
DDoS                 2539
DoS GoldenEye         204
DoS Hulk             3428
DoS Slowhttptest      104
DoS slowloris         107
FTP-Patator           118
PortScan             1799
SSH-Patator            64
Web Attack             42
2026-07-30 17:58:33,402 | INFO | Pipeline steps: scaler -> clf
2026-07-30 17:58:33,403 | INFO | GridSearch: 4 candidates x 5 folds = 20 fits
2026-07-30 17:59:06,473 | INFO | BEST f1_macro=0.5762  params={'clf__C': 10.0}
2026-07-30 17:59:06,474 | INFO | Saved: lr_tuning_none_{cvresults.csv,gridsearch.pkl,best.json}
2026-07-30 17:59:06,474 | INFO | DONE in 1.2 min
